I'm sorry, but errors were detected in your script. Please correct the
errors listed below, and try again.


File "game/script.rpy", line 473: expected statement.
    renpy.movie_cutscene("Transition1.webm", delay=None, loops=0, stop_music=False)
                                                                                   ^

File "game/script.rpy", line 474: expected statement.
    renpy.movie_cutscene("Transition2again.webm", delay=None, loops=0, stop_music=False)
                                                                                        ^

Ren'Py Version: Ren'Py 7.3.5.606
Thu Aug 27 11:34:37 2020
